
> jovan-elektro@0.1.0 build
> vite build && vite build --ssr src/entry-server.tsx --outDir dist/server && node scripts/prerender.mts

vite v8.3.0 building client environment for production...
transforming...
✓ 58 modules transformed.
rendering chunks...
computing gzip size...
dist/index.html                                                          1.77 kB │ gzip:  0.76 kB
dist/assets/geist-cyrillic-ext-wght-normal-DjL33-gN.woff2                7.42 kB
dist/assets/jetbrains-mono-vietnamese-wght-normal-Bt-aOZkq.woff2         7.50 kB
dist/assets/geist-vietnamese-wght-normal-6IgcOCM7.woff2                  8.00 kB
dist/assets/bricolage-grotesque-vietnamese-wght-normal-BUzh504Q.woff2    8.60 kB
dist/assets/jetbrains-mono-greek-wght-normal-Bw9x6K1M.woff2              9.00 kB
dist/assets/instrument-serif-latin-ext-400-italic-D7-lnxEk.woff         10.50 kB
dist/assets/jetbrains-mono-cyrillic-wght-normal-D73BlboJ.woff2          12.10 kB
dist/assets/instrument-serif-latin-ext-400-italic-C9HzH3YL.woff2        12.38 kB
dist/assets/geist-cyrillic-wght-normal-BEAKL7Jp.woff2                   15.08 kB
dist/assets/jetbrains-mono-latin-ext-wght-normal-DBQx-q_a.woff2         15.19 kB
dist/assets/geist-latin-ext-wght-normal-DC-KSUi6.woff2                  16.51 kB
dist/assets/bricolage-grotesque-latin-ext-wght-normal-CcLUaPy7.woff2    18.66 kB
dist/assets/instrument-serif-latin-400-italic-u__WvvIK.woff             19.26 kB
dist/assets/instrument-serif-latin-400-italic-DKMiL14s.woff2            22.12 kB
dist/assets/geist-latin-wght-normal-BgDaEnEv.woff2                      29.40 kB
dist/assets/jetbrains-mono-latin-wght-normal-B9CIFXIH.woff2             40.40 kB
dist/assets/bricolage-grotesque-latin-wght-normal-DLoelf7F.woff2        41.34 kB
dist/assets/index-CmOOyQBD.css                                          45.99 kB │ gzip: 11.61 kB
dist/assets/rolldown-runtime-D9-fqq9M.js                                 0.08 kB │ gzip:  0.08 kB
dist/assets/gsap-4hdXqrla.js                                           152.96 kB │ gzip: 60.83 kB
dist/assets/index-CFgMgJsc.js                                          315.08 kB │ gzip: 95.97 kB

✓ built in 308ms
vite v8.3.0 building ssr environment for production...
transforming...
✓ 33 modules transformed.
rendering chunks...
computing gzip size...
dist/server/entry-server.js  152.72 kB │ gzip: 40.61 kB

✓ built in 67ms
site.siteUrl is empty: skipping dist/sitemap.xml and the robots.txt Sitemap: line.
Prerender complete: dist/index.html, dist/robots.txt
