total 2888
drwxr-xr-x 2 root root   4096 Sep 17 03:53 .
drwxr-xr-x 3 root root   4096 Sep 17 03:53 ..
-rw-r--r-- 1 root root  16295 Sep 17 03:53 anatomy-1440-0.png
-rw-r--r-- 1 root root  36141 Sep 17 03:53 anatomy-1440-100.png
-rw-r--r-- 1 root root  23461 Sep 17 03:53 anatomy-1440-20.png
-rw-r--r-- 1 root root  31322 Sep 17 03:53 anatomy-1440-40.png
-rw-r--r-- 1 root root  30708 Sep 17 03:53 anatomy-1440-60.png
-rw-r--r-- 1 root root  32885 Sep 17 03:53 anatomy-1440-80.png
-rw-r--r-- 1 root root  31079 Sep 17 03:53 anatomy-1440-step3-fault.png
-rw-r--r-- 1 root root  30252 Sep 17 03:53 anatomy-1440-step3-fix.png
-rw-r--r-- 1 root root  30980 Sep 17 03:53 anatomy-1440-step3.png
-rw-r--r-- 1 root root   7830 Sep 17 03:51 anatomy-360-0.png
-rw-r--r-- 1 root root  14731 Sep 17 03:51 anatomy-360-100.png
-rw-r--r-- 1 root root  10241 Sep 17 03:51 anatomy-360-20.png
-rw-r--r-- 1 root root  13423 Sep 17 03:51 anatomy-360-40.png
-rw-r--r-- 1 root root  12444 Sep 17 03:51 anatomy-360-60.png
-rw-r--r-- 1 root root  12467 Sep 17 03:51 anatomy-360-80.png
-rw-r--r-- 1 root root  13092 Sep 17 03:51 anatomy-360-step3-fault.png
-rw-r--r-- 1 root root  12899 Sep 17 03:51 anatomy-360-step3-fix.png
-rw-r--r-- 1 root root  13158 Sep 17 03:51 anatomy-360-step3.png
-rw-r--r-- 1 root root  10353 Sep 17 03:52 anatomy-390-0.png
-rw-r--r-- 1 root root  19662 Sep 17 03:52 anatomy-390-100.png
-rw-r--r-- 1 root root  13874 Sep 17 03:52 anatomy-390-20.png
-rw-r--r-- 1 root root  18978 Sep 17 03:52 anatomy-390-40.png
-rw-r--r-- 1 root root  17296 Sep 17 03:52 anatomy-390-60.png
-rw-r--r-- 1 root root  17325 Sep 17 03:52 anatomy-390-80.png
-rw-r--r-- 1 root root  18394 Sep 17 03:52 anatomy-390-step3-fault.png
-rw-r--r-- 1 root root  18140 Sep 17 03:52 anatomy-390-step3-fix.png
-rw-r--r-- 1 root root  18479 Sep 17 03:52 anatomy-390-step3.png
-rw-r--r-- 1 root root  15238 Sep 17 03:52 anatomy-768-0.png
-rw-r--r-- 1 root root  29685 Sep 17 03:52 anatomy-768-100.png
-rw-r--r-- 1 root root  21879 Sep 17 03:52 anatomy-768-20.png
-rw-r--r-- 1 root root  29448 Sep 17 03:52 anatomy-768-40.png
-rw-r--r-- 1 root root  26404 Sep 17 03:52 anatomy-768-60.png
-rw-r--r-- 1 root root  26529 Sep 17 03:52 anatomy-768-80.png
-rw-r--r-- 1 root root  29050 Sep 17 03:52 anatomy-768-step3-fault.png
-rw-r--r-- 1 root root  28055 Sep 17 03:52 anatomy-768-step3-fix.png
-rw-r--r-- 1 root root  29042 Sep 17 03:52 anatomy-768-step3.png
-rw-r--r-- 1 root root 106684 Sep 17 03:53 finale-1440-lit.png
-rw-r--r-- 1 root root 106702 Sep 17 03:53 finale-1440-reduced.png
-rw-r--r-- 1 root root  51694 Sep 17 03:52 finale-360-lit.png
-rw-r--r-- 1 root root  60430 Sep 17 03:52 finale-360-reduced.png
-rw-r--r-- 1 root root  64538 Sep 17 03:52 finale-390-lit.png
-rw-r--r-- 1 root root  63700 Sep 17 03:52 finale-390-reduced.png
-rw-r--r-- 1 root root  89124 Sep 17 03:53 finale-768-lit.png
-rw-r--r-- 1 root root  80879 Sep 17 03:53 finale-768-reduced.png
-rw-r--r-- 1 root root 323965 Sep 17 03:53 hero-1440-reduced.png
-rw-r--r-- 1 root root 243621 Sep 17 03:53 hero-1440.png
-rw-r--r-- 1 root root  88334 Sep 17 03:52 hero-360-reduced.png
-rw-r--r-- 1 root root  97041 Sep 17 03:52 hero-360.png
-rw-r--r-- 1 root root 104609 Sep 17 03:52 hero-390-reduced.png
-rw-r--r-- 1 root root  93972 Sep 17 03:52 hero-390.png
-rw-r--r-- 1 root root 228093 Sep 17 03:53 hero-768-reduced.png
-rw-r--r-- 1 root root 153834 Sep 17 03:53 hero-768.png
-rw-r--r-- 1 root root 116678 Sep 17 03:53 services-1440.png
