
> jovan-elektro@0.1.0 test:e2e
> playwright test --reporter=list


Running 144 tests using 2 workers

  ✓    2 [m360] › e2e/interactions.spec.ts:23:3 › FAQ accordion keyboard interaction › Enter opens and Space closes a trigger, panel visibility follows (911ms)
  ✓    3 [m360] › e2e/interactions.spec.ts:43:3 › FAQ accordion keyboard interaction › ArrowDown/ArrowUp/Home/End move focus between triggers (536ms)
  ✓    4 [m360] › e2e/interactions.spec.ts:64:3 › before/after comparison slider › ArrowRight increases aria-valuenow; Home/End jump to the ends (576ms)
  ✓    1 [m360] › e2e/interactions.spec.ts:10:3 › contact copy-to-clipboard › copies the email and shows the accessible toast (2.7s)
  ✓    5 [m360] › e2e/interactions.spec.ts:84:3 › marquee and testimonials pause controls › marquee-toggle pauses and resumes the services strip (641ms)
  -    7 [m360] › e2e/interactions.spec.ts:123:3 › services bento at desktop width › no card text overflows its glass panel at 1024-1440 (M8, docs/reports/review-1.md)
  ✓    6 [m360] › e2e/interactions.spec.ts:101:3 › marquee and testimonials pause controls › testimonials-toggle pauses and resumes both rows (729ms)
  ✓    9 [m360] › e2e/motion.spec.ts:134:3 › G3 motion — the scroll story plays › step 3 shows the arc and sparks on the fault beat, tape on the fix beat (2.6s)
  ✓    8 [m360] › e2e/motion.spec.ts:95:3 › G3 motion — the scroll story plays › anatomy scrubs through five steps and every frame differs (3.8s)
  ✓   11 [m360] › e2e/motion.spec.ts:187:3 › G3 motion — the scroll story plays › the pinned anatomy fits one screen with nothing overlapping (1.7s)
  -   12 [m360] › e2e/motion.spec.ts:223:3 › G3 motion — the scroll story plays › main line energizes with scroll progress
  ✓   10 [m360] › e2e/motion.spec.ts:177:3 › G3 motion — the scroll story plays › progress dots jump to their step (2.5s)
  ✓   14 [m360] › e2e/motion.spec.ts:285:3 › G3 motion — the scroll story plays › hero words end up fully lit (3.4s)
  ✓   15 [m360] › e2e/motion.spec.ts:304:3 › G3 motion — the scroll story plays › intro reveal runs once per session and then stays hidden (1.9s)
  ✓   16 [m360] › e2e/motion.spec.ts:320:3 › G3 motion — reduced motion is a complete static experience › no pins, no loader, everything already in its final state (3.2s)
  ✓   13 [m360] › e2e/motion.spec.ts:249:3 › G3 motion — the scroll story plays › finale lights up on enter and replays after leaving completely (8.8s)
  ✓   18 [m360] › e2e/nav.spec.ts:41:5 › navigation links scroll to their section › nav-link-anatomija scrolls to #anatomija (1.4s)
  ✓   17 [m360] › e2e/nav.spec.ts:41:5 › navigation links scroll to their section › nav-link-usluge scrolls to #usluge (1.9s)
  ✓   19 [m360] › e2e/nav.spec.ts:41:5 › navigation links scroll to their section › nav-link-kako-radim scrolls to #kako-radim (1.6s)
  ✓   20 [m360] › e2e/nav.spec.ts:41:5 › navigation links scroll to their section › nav-link-pre-posle scrolls to #pre-posle (1.6s)
  ✓   21 [m360] › e2e/nav.spec.ts:41:5 › navigation links scroll to their section › nav-link-utisci scrolls to #utisci (1.6s)
  ✓   22 [m360] › e2e/nav.spec.ts:41:5 › navigation links scroll to their section › nav-link-pitanja scrolls to #pitanja (1.5s)
  ✓   23 [m360] › e2e/nav.spec.ts:49:3 › navigation links scroll to their section › hero-cta-primary scrolls to #kontakt (1.5s)
  ✓   24 [m360] › e2e/nav.spec.ts:55:3 › navigation links scroll to their section › hero-cta-secondary scrolls to #usluge (1.5s)
  ✓   25 [m360] › e2e/nav.spec.ts:67:3 › mobile menu › toggle opens/closes the panel and aria-expanded follows (620ms)
  ✓   26 [m360] › e2e/nav.spec.ts:80:3 › mobile menu › Escape closes the menu and returns focus to the toggle (591ms)
  ✓   27 [m360] › e2e/nav.spec.ts:92:3 › mobile menu › Tab cycling never moves focus outside the open menu (804ms)
  ✓   28 [m360] › e2e/nav.spec.ts:113:3 › mobile menu › choosing a link closes the menu (959ms)
  ✓   29 [m360] › e2e/nav.spec.ts:122:1 › skip link moves focus to #sadrzaj, or at least scrolls it into view (561ms)
  ✓   31 [m360] › e2e/smoke.spec.ts:35:3 › phase 1 smoke › renders all 12 sections in the locked order (417ms)
  ✓   30 [m360] › e2e/smoke.spec.ts:20:3 › phase 1 smoke › loads with no console errors/warnings and no horizontal overflow (941ms)
  ✓   32 [m360] › e2e/smoke.spec.ts:47:3 › phase 1 smoke › has exactly one h1 with the required text/aria-label, and lang=sr-Latn (452ms)
  ✓   33 [m360] › e2e/smoke.spec.ts:63:3 › phase 1 smoke › skip link targets #sadrzaj (480ms)
  ✓   34 [m360] › e2e/smoke.spec.ts:70:3 › phase 1 smoke › contact email is correct and there is no phone/tel affordance (480ms)
  ✓   35 [m360] › e2e/smoke.spec.ts:80:3 › phase 1 smoke › shows exactly six service cards and six FAQ trigger/panel pairs (492ms)
  ✓   36 [m360] › e2e/smoke.spec.ts:88:3 › phase 1 smoke › trust stats, marquee, before/after slider and testimonial controls exist (511ms)
  ✓   38 [m390] › e2e/interactions.spec.ts:23:3 › FAQ accordion keyboard interaction › Enter opens and Space closes a trigger, panel visibility follows (876ms)
  ✓   39 [m390] › e2e/interactions.spec.ts:43:3 › FAQ accordion keyboard interaction › ArrowDown/ArrowUp/Home/End move focus between triggers (620ms)
  ✓   40 [m390] › e2e/interactions.spec.ts:64:3 › before/after comparison slider › ArrowRight increases aria-valuenow; Home/End jump to the ends (634ms)
  ✓   37 [m390] › e2e/interactions.spec.ts:10:3 › contact copy-to-clipboard › copies the email and shows the accessible toast (2.7s)
  ✓   41 [m390] › e2e/interactions.spec.ts:84:3 › marquee and testimonials pause controls › marquee-toggle pauses and resumes the services strip (771ms)
  -   43 [m390] › e2e/interactions.spec.ts:123:3 › services bento at desktop width › no card text overflows its glass panel at 1024-1440 (M8, docs/reports/review-1.md)
  ✓   42 [m390] › e2e/interactions.spec.ts:101:3 › marquee and testimonials pause controls › testimonials-toggle pauses and resumes both rows (796ms)
  ✓   45 [m390] › e2e/motion.spec.ts:134:3 › G3 motion — the scroll story plays › step 3 shows the arc and sparks on the fault beat, tape on the fix beat (2.6s)
  ✓   44 [m390] › e2e/motion.spec.ts:95:3 › G3 motion — the scroll story plays › anatomy scrubs through five steps and every frame differs (3.8s)
  ✓   46 [m390] › e2e/motion.spec.ts:177:3 › G3 motion — the scroll story plays › progress dots jump to their step (2.5s)
  -   48 [m390] › e2e/motion.spec.ts:223:3 › G3 motion — the scroll story plays › main line energizes with scroll progress
  ✓   47 [m390] › e2e/motion.spec.ts:187:3 › G3 motion — the scroll story plays › the pinned anatomy fits one screen with nothing overlapping (1.7s)
  ✓   50 [m390] › e2e/motion.spec.ts:285:3 › G3 motion — the scroll story plays › hero words end up fully lit (3.4s)
  ✓   51 [m390] › e2e/motion.spec.ts:304:3 › G3 motion — the scroll story plays › intro reveal runs once per session and then stays hidden (1.9s)
  ✓   52 [m390] › e2e/motion.spec.ts:320:3 › G3 motion — reduced motion is a complete static experience › no pins, no loader, everything already in its final state (3.0s)
  ✓   49 [m390] › e2e/motion.spec.ts:249:3 › G3 motion — the scroll story plays › finale lights up on enter and replays after leaving completely (8.8s)
  ✓   54 [m390] › e2e/nav.spec.ts:41:5 › navigation links scroll to their section › nav-link-anatomija scrolls to #anatomija (1.4s)
  ✓   53 [m390] › e2e/nav.spec.ts:41:5 › navigation links scroll to their section › nav-link-usluge scrolls to #usluge (1.9s)
  ✓   55 [m390] › e2e/nav.spec.ts:41:5 › navigation links scroll to their section › nav-link-kako-radim scrolls to #kako-radim (1.7s)
  ✓   56 [m390] › e2e/nav.spec.ts:41:5 › navigation links scroll to their section › nav-link-pre-posle scrolls to #pre-posle (1.7s)
  ✓   57 [m390] › e2e/nav.spec.ts:41:5 › navigation links scroll to their section › nav-link-utisci scrolls to #utisci (1.6s)
  ✓   58 [m390] › e2e/nav.spec.ts:41:5 › navigation links scroll to their section › nav-link-pitanja scrolls to #pitanja (1.6s)
  ✓   59 [m390] › e2e/nav.spec.ts:49:3 › navigation links scroll to their section › hero-cta-primary scrolls to #kontakt (1.5s)
  ✓   60 [m390] › e2e/nav.spec.ts:55:3 › navigation links scroll to their section › hero-cta-secondary scrolls to #usluge (1.6s)
  ✓   61 [m390] › e2e/nav.spec.ts:67:3 › mobile menu › toggle opens/closes the panel and aria-expanded follows (668ms)
  ✓   62 [m390] › e2e/nav.spec.ts:80:3 › mobile menu › Escape closes the menu and returns focus to the toggle (631ms)
  ✓   63 [m390] › e2e/nav.spec.ts:92:3 › mobile menu › Tab cycling never moves focus outside the open menu (819ms)
  ✓   64 [m390] › e2e/nav.spec.ts:113:3 › mobile menu › choosing a link closes the menu (993ms)
  ✓   65 [m390] › e2e/nav.spec.ts:122:1 › skip link moves focus to #sadrzaj, or at least scrolls it into view (576ms)
  ✓   67 [m390] › e2e/smoke.spec.ts:35:3 › phase 1 smoke › renders all 12 sections in the locked order (408ms)
  ✓   66 [m390] › e2e/smoke.spec.ts:20:3 › phase 1 smoke › loads with no console errors/warnings and no horizontal overflow (974ms)
  ✓   68 [m390] › e2e/smoke.spec.ts:47:3 › phase 1 smoke › has exactly one h1 with the required text/aria-label, and lang=sr-Latn (487ms)
  ✓   69 [m390] › e2e/smoke.spec.ts:63:3 › phase 1 smoke › skip link targets #sadrzaj (492ms)
  ✓   70 [m390] › e2e/smoke.spec.ts:70:3 › phase 1 smoke › contact email is correct and there is no phone/tel affordance (479ms)
  ✓   71 [m390] › e2e/smoke.spec.ts:80:3 › phase 1 smoke › shows exactly six service cards and six FAQ trigger/panel pairs (506ms)
  ✓   72 [m390] › e2e/smoke.spec.ts:88:3 › phase 1 smoke › trust stats, marquee, before/after slider and testimonial controls exist (534ms)
  ✓   74 [t768] › e2e/interactions.spec.ts:23:3 › FAQ accordion keyboard interaction › Enter opens and Space closes a trigger, panel visibility follows (990ms)
  ✓   75 [t768] › e2e/interactions.spec.ts:43:3 › FAQ accordion keyboard interaction › ArrowDown/ArrowUp/Home/End move focus between triggers (717ms)
  ✓   76 [t768] › e2e/interactions.spec.ts:64:3 › before/after comparison slider › ArrowRight increases aria-valuenow; Home/End jump to the ends (685ms)
  ✓   73 [t768] › e2e/interactions.spec.ts:10:3 › contact copy-to-clipboard › copies the email and shows the accessible toast (2.9s)
  ✓   77 [t768] › e2e/interactions.spec.ts:84:3 › marquee and testimonials pause controls › marquee-toggle pauses and resumes the services strip (955ms)
  -   79 [t768] › e2e/interactions.spec.ts:123:3 › services bento at desktop width › no card text overflows its glass panel at 1024-1440 (M8, docs/reports/review-1.md)
  ✓   78 [t768] › e2e/interactions.spec.ts:101:3 › marquee and testimonials pause controls › testimonials-toggle pauses and resumes both rows (988ms)
  ✓   81 [t768] › e2e/motion.spec.ts:134:3 › G3 motion — the scroll story plays › step 3 shows the arc and sparks on the fault beat, tape on the fix beat (2.8s)
  ✓   80 [t768] › e2e/motion.spec.ts:95:3 › G3 motion — the scroll story plays › anatomy scrubs through five steps and every frame differs (4.1s)
  ✓   82 [t768] › e2e/motion.spec.ts:177:3 › G3 motion — the scroll story plays › progress dots jump to their step (2.6s)
  -   84 [t768] › e2e/motion.spec.ts:223:3 › G3 motion — the scroll story plays › main line energizes with scroll progress
  ✓   83 [t768] › e2e/motion.spec.ts:187:3 › G3 motion — the scroll story plays › the pinned anatomy fits one screen with nothing overlapping (1.8s)
  ✓   86 [t768] › e2e/motion.spec.ts:285:3 › G3 motion — the scroll story plays › hero words end up fully lit (3.5s)
  ✓   87 [t768] › e2e/motion.spec.ts:304:3 › G3 motion — the scroll story plays › intro reveal runs once per session and then stays hidden (2.0s)
  ✓   85 [t768] › e2e/motion.spec.ts:249:3 › G3 motion — the scroll story plays › finale lights up on enter and replays after leaving completely (9.0s)
  ✓   88 [t768] › e2e/motion.spec.ts:320:3 › G3 motion — reduced motion is a complete static experience › no pins, no loader, everything already in its final state (3.4s)
  ✓   90 [t768] › e2e/nav.spec.ts:41:5 › navigation links scroll to their section › nav-link-anatomija scrolls to #anatomija (1.5s)
  ✓   89 [t768] › e2e/nav.spec.ts:41:5 › navigation links scroll to their section › nav-link-usluge scrolls to #usluge (2.1s)
  ✓   92 [t768] › e2e/nav.spec.ts:41:5 › navigation links scroll to their section › nav-link-pre-posle scrolls to #pre-posle (1.7s)
  ✓   91 [t768] › e2e/nav.spec.ts:41:5 › navigation links scroll to their section › nav-link-kako-radim scrolls to #kako-radim (2.2s)
  ✓   93 [t768] › e2e/nav.spec.ts:41:5 › navigation links scroll to their section › nav-link-utisci scrolls to #utisci (1.7s)
  ✓   94 [t768] › e2e/nav.spec.ts:41:5 › navigation links scroll to their section › nav-link-pitanja scrolls to #pitanja (1.8s)
  ✓   95 [t768] › e2e/nav.spec.ts:49:3 › navigation links scroll to their section › hero-cta-primary scrolls to #kontakt (1.6s)
  ✓   96 [t768] › e2e/nav.spec.ts:55:3 › navigation links scroll to their section › hero-cta-secondary scrolls to #usluge (1.6s)
  ✓   97 [t768] › e2e/nav.spec.ts:67:3 › mobile menu › toggle opens/closes the panel and aria-expanded follows (826ms)
  ✓   98 [t768] › e2e/nav.spec.ts:80:3 › mobile menu › Escape closes the menu and returns focus to the toggle (765ms)
  ✓   99 [t768] › e2e/nav.spec.ts:92:3 › mobile menu › Tab cycling never moves focus outside the open menu (1.0s)
  ✓  100 [t768] › e2e/nav.spec.ts:113:3 › mobile menu › choosing a link closes the menu (1.1s)
  ✓  101 [t768] › e2e/nav.spec.ts:122:1 › skip link moves focus to #sadrzaj, or at least scrolls it into view (702ms)
  ✓  103 [t768] › e2e/smoke.spec.ts:35:3 › phase 1 smoke › renders all 12 sections in the locked order (453ms)
  ✓  102 [t768] › e2e/smoke.spec.ts:20:3 › phase 1 smoke › loads with no console errors/warnings and no horizontal overflow (1.0s)
  ✓  104 [t768] › e2e/smoke.spec.ts:47:3 › phase 1 smoke › has exactly one h1 with the required text/aria-label, and lang=sr-Latn (589ms)
  ✓  105 [t768] › e2e/smoke.spec.ts:63:3 › phase 1 smoke › skip link targets #sadrzaj (554ms)
  ✓  106 [t768] › e2e/smoke.spec.ts:70:3 › phase 1 smoke › contact email is correct and there is no phone/tel affordance (565ms)
  ✓  107 [t768] › e2e/smoke.spec.ts:80:3 › phase 1 smoke › shows exactly six service cards and six FAQ trigger/panel pairs (561ms)
  ✓  108 [t768] › e2e/smoke.spec.ts:88:3 › phase 1 smoke › trust stats, marquee, before/after slider and testimonial controls exist (553ms)
  ✓  110 [d1440] › e2e/interactions.spec.ts:23:3 › FAQ accordion keyboard interaction › Enter opens and Space closes a trigger, panel visibility follows (1.2s)
  ✓  111 [d1440] › e2e/interactions.spec.ts:43:3 › FAQ accordion keyboard interaction › ArrowDown/ArrowUp/Home/End move focus between triggers (764ms)
  ✓  109 [d1440] › e2e/interactions.spec.ts:10:3 › contact copy-to-clipboard › copies the email and shows the accessible toast (2.9s)
  ✓  112 [d1440] › e2e/interactions.spec.ts:64:3 › before/after comparison slider › ArrowRight increases aria-valuenow; Home/End jump to the ends (851ms)
  ✓  113 [d1440] › e2e/interactions.spec.ts:84:3 › marquee and testimonials pause controls › marquee-toggle pauses and resumes the services strip (1.0s)
  ✓  114 [d1440] › e2e/interactions.spec.ts:101:3 › marquee and testimonials pause controls › testimonials-toggle pauses and resumes both rows (1.0s)
  ✓  115 [d1440] › e2e/interactions.spec.ts:123:3 › services bento at desktop width › no card text overflows its glass panel at 1024-1440 (M8, docs/reports/review-1.md) (2.9s)
  ✓  116 [d1440] › e2e/motion.spec.ts:95:3 › G3 motion — the scroll story plays › anatomy scrubs through five steps and every frame differs (5.6s)
  ✓  117 [d1440] › e2e/motion.spec.ts:134:3 › G3 motion — the scroll story plays › step 3 shows the arc and sparks on the fault beat, tape on the fix beat (3.7s)
  -  119 [d1440] › e2e/motion.spec.ts:187:3 › G3 motion — the scroll story plays › the pinned anatomy fits one screen with nothing overlapping
  ✓  118 [d1440] › e2e/motion.spec.ts:177:3 › G3 motion — the scroll story plays › progress dots jump to their step (3.7s)
  ✓  120 [d1440] › e2e/motion.spec.ts:223:3 › G3 motion — the scroll story plays › main line energizes with scroll progress (3.4s)
  ✓  122 [d1440] › e2e/motion.spec.ts:285:3 › G3 motion — the scroll story plays › hero words end up fully lit (3.7s)
  ✓  123 [d1440] › e2e/motion.spec.ts:304:3 › G3 motion — the scroll story plays › intro reveal runs once per session and then stays hidden (2.2s)
  ✓  121 [d1440] › e2e/motion.spec.ts:249:3 › G3 motion — the scroll story plays › finale lights up on enter and replays after leaving completely (9.1s)
  ✓  124 [d1440] › e2e/motion.spec.ts:320:3 › G3 motion — reduced motion is a complete static experience › no pins, no loader, everything already in its final state (3.7s)
  ✓  125 [d1440] › e2e/nav.spec.ts:41:5 › navigation links scroll to their section › nav-link-usluge scrolls to #usluge (1.1s)
  ✓  126 [d1440] › e2e/nav.spec.ts:41:5 › navigation links scroll to their section › nav-link-anatomija scrolls to #anatomija (1.0s)
  ✓  127 [d1440] › e2e/nav.spec.ts:41:5 › navigation links scroll to their section › nav-link-kako-radim scrolls to #kako-radim (1.4s)
  ✓  128 [d1440] › e2e/nav.spec.ts:41:5 › navigation links scroll to their section › nav-link-pre-posle scrolls to #pre-posle (1.4s)
  ✓  129 [d1440] › e2e/nav.spec.ts:41:5 › navigation links scroll to their section › nav-link-utisci scrolls to #utisci (1.4s)
  ✓  130 [d1440] › e2e/nav.spec.ts:41:5 › navigation links scroll to their section › nav-link-pitanja scrolls to #pitanja (1.3s)
  ✓  131 [d1440] › e2e/nav.spec.ts:49:3 › navigation links scroll to their section › hero-cta-primary scrolls to #kontakt (1.3s)
  -  133 [d1440] › e2e/nav.spec.ts:67:3 › mobile menu › toggle opens/closes the panel and aria-expanded follows
  -  134 [d1440] › e2e/nav.spec.ts:80:3 › mobile menu › Escape closes the menu and returns focus to the toggle
  -  135 [d1440] › e2e/nav.spec.ts:92:3 › mobile menu › Tab cycling never moves focus outside the open menu
  -  136 [d1440] › e2e/nav.spec.ts:113:3 › mobile menu › choosing a link closes the menu
  ✓  132 [d1440] › e2e/nav.spec.ts:55:3 › navigation links scroll to their section › hero-cta-secondary scrolls to #usluge (1.3s)
  ✓  137 [d1440] › e2e/nav.spec.ts:122:1 › skip link moves focus to #sadrzaj, or at least scrolls it into view (865ms)
  ✓  139 [d1440] › e2e/smoke.spec.ts:35:3 › phase 1 smoke › renders all 12 sections in the locked order (528ms)
  ✓  138 [d1440] › e2e/smoke.spec.ts:20:3 › phase 1 smoke › loads with no console errors/warnings and no horizontal overflow (1.2s)
  ✓  141 [d1440] › e2e/smoke.spec.ts:63:3 › phase 1 smoke › skip link targets #sadrzaj (611ms)
  ✓  140 [d1440] › e2e/smoke.spec.ts:47:3 › phase 1 smoke › has exactly one h1 with the required text/aria-label, and lang=sr-Latn (676ms)
  ✓  142 [d1440] › e2e/smoke.spec.ts:70:3 › phase 1 smoke › contact email is correct and there is no phone/tel affordance (666ms)
  ✓  143 [d1440] › e2e/smoke.spec.ts:80:3 › phase 1 smoke › shows exactly six service cards and six FAQ trigger/panel pairs (630ms)
  ✓  144 [d1440] › e2e/smoke.spec.ts:88:3 › phase 1 smoke › trust stats, marquee, before/after slider and testimonial controls exist (553ms)

  11 skipped
  133 passed (2.0m)
e2e exit: 0
