
> jovan-elektro@0.1.0 test:e2e
> playwright test --reporter=list


Running 160 tests using 2 workers

  ✓    1 [m360] › e2e/interactions.spec.ts:23:3 › FAQ accordion keyboard interaction › Enter opens and Space closes a trigger, panel visibility follows (1.2s)
  ✓    3 [m360] › e2e/interactions.spec.ts:43:3 › FAQ accordion keyboard interaction › ArrowDown/ArrowUp/Home/End move focus between triggers (806ms)
  ✓    4 [m360] › e2e/interactions.spec.ts:64:3 › before/after comparison slider › ArrowRight increases aria-valuenow; Home/End jump to the ends (825ms)
  ✓    2 [m360] › e2e/interactions.spec.ts:10:3 › contact copy-to-clipboard › copies the email and shows the accessible toast (2.9s)
  ✓    5 [m360] › e2e/interactions.spec.ts:84:3 › marquee and testimonials pause controls › marquee-toggle pauses and resumes the services strip (959ms)
  -    7 [m360] › e2e/interactions.spec.ts:123:3 › services bento at desktop width › no card text overflows its glass panel at 1024-1440 (M8, docs/reports/review-1.md)
  ✓    6 [m360] › e2e/interactions.spec.ts:101:3 › marquee and testimonials pause controls › testimonials-toggle pauses and resumes both rows (997ms)
  -    8 [m360] › e2e/interactions.spec.ts:179:5 › blueprint section screenshots › captures trust-1440.png
  -   10 [m360] › e2e/interactions.spec.ts:179:5 › blueprint section screenshots › captures faq-1440.png
  -    9 [m360] › e2e/interactions.spec.ts:179:5 › blueprint section screenshots › captures before-after-1440.png
  ✓   12 [m360] › e2e/motion.spec.ts:177:3 › G3 motion — the scroll story plays › the installation comes apart at once and goes back together exactly (2.4s)
  ✓   11 [m360] › e2e/motion.spec.ts:138:3 › G3 motion — the scroll story plays › anatomy scrubs through five steps and every frame differs (4.3s)
  ✓   13 [m360] › e2e/motion.spec.ts:199:3 › G3 motion — the scroll story plays › step 3 shows the arc and sparks on the fault beat, tape on the fix beat (3.0s)
  ✓   14 [m360] › e2e/motion.spec.ts:242:3 › G3 motion — the scroll story plays › progress dots jump to their step (2.7s)
  -   16 [m360] › e2e/motion.spec.ts:288:3 › G3 motion — the scroll story plays › main line energizes with scroll progress
  ✓   15 [m360] › e2e/motion.spec.ts:252:3 › G3 motion — the scroll story plays › the pinned anatomy fits one screen with nothing overlapping (1.9s)
  ✓   18 [m360] › e2e/motion.spec.ts:350:3 › G3 motion — the scroll story plays › hero words end up fully lit (3.7s)
  ✓   19 [m360] › e2e/motion.spec.ts:369:3 › G3 motion — the scroll story plays › intro reveal runs once per session and then stays hidden (2.2s)
  ✓   17 [m360] › e2e/motion.spec.ts:314:3 › G3 motion — the scroll story plays › finale lights up on enter and replays after leaving completely (9.2s)
  ✓   20 [m360] › e2e/motion.spec.ts:385:3 › G3 motion — reduced motion is a complete static experience › no pins, no loader, everything already in its final state (3.8s)
  ✓   21 [m360] › e2e/nav.spec.ts:41:5 › navigation links scroll to their section › nav-link-usluge scrolls to #usluge (2.2s)
  ✓   22 [m360] › e2e/nav.spec.ts:41:5 › navigation links scroll to their section › nav-link-anatomija scrolls to #anatomija (2.2s)
  ✓   23 [m360] › e2e/nav.spec.ts:41:5 › navigation links scroll to their section › nav-link-kako-radim scrolls to #kako-radim (2.3s)
  ✓   24 [m360] › e2e/nav.spec.ts:41:5 › navigation links scroll to their section › nav-link-pre-posle scrolls to #pre-posle (1.9s)
  ✓   25 [m360] › e2e/nav.spec.ts:41:5 › navigation links scroll to their section › nav-link-utisci scrolls to #utisci (1.9s)
  ✓   26 [m360] › e2e/nav.spec.ts:41:5 › navigation links scroll to their section › nav-link-pitanja scrolls to #pitanja (1.9s)
  ✓   27 [m360] › e2e/nav.spec.ts:49:3 › navigation links scroll to their section › hero-cta-primary scrolls to #kontakt (1.7s)
  ✓   28 [m360] › e2e/nav.spec.ts:55:3 › navigation links scroll to their section › hero-cta-secondary scrolls to #usluge (1.7s)
  ✓   29 [m360] › e2e/nav.spec.ts:67:3 › mobile menu › toggle opens/closes the panel and aria-expanded follows (892ms)
  ✓   30 [m360] › e2e/nav.spec.ts:80:3 › mobile menu › Escape closes the menu and returns focus to the toggle (861ms)
  ✓   31 [m360] › e2e/nav.spec.ts:92:3 › mobile menu › Tab cycling never moves focus outside the open menu (1.2s)
  ✓   32 [m360] › e2e/nav.spec.ts:113:3 › mobile menu › choosing a link closes the menu (1.2s)
  ✓   33 [m360] › e2e/nav.spec.ts:122:1 › skip link moves focus to #sadrzaj, or at least scrolls it into view (790ms)
  ✓   35 [m360] › e2e/smoke.spec.ts:35:3 › phase 1 smoke › renders all 12 sections in the locked order (552ms)
  ✓   34 [m360] › e2e/smoke.spec.ts:20:3 › phase 1 smoke › loads with no console errors/warnings and no horizontal overflow (1.2s)
  ✓   36 [m360] › e2e/smoke.spec.ts:47:3 › phase 1 smoke › has exactly one h1 with the required text/aria-label, and lang=sr-Latn (666ms)
  ✓   37 [m360] › e2e/smoke.spec.ts:63:3 › phase 1 smoke › skip link targets #sadrzaj (635ms)
  ✓   38 [m360] › e2e/smoke.spec.ts:70:3 › phase 1 smoke › contact email is correct and there is no phone/tel affordance (680ms)
  ✓   39 [m360] › e2e/smoke.spec.ts:80:3 › phase 1 smoke › shows exactly six service cards and six FAQ trigger/panel pairs (648ms)
  ✓   40 [m360] › e2e/smoke.spec.ts:88:3 › phase 1 smoke › trust stats, marquee, before/after slider and testimonial controls exist (691ms)
  ✓   42 [m390] › e2e/interactions.spec.ts:23:3 › FAQ accordion keyboard interaction › Enter opens and Space closes a trigger, panel visibility follows (1.2s)
  ✓   43 [m390] › e2e/interactions.spec.ts:43:3 › FAQ accordion keyboard interaction › ArrowDown/ArrowUp/Home/End move focus between triggers (827ms)
  ✓   41 [m390] › e2e/interactions.spec.ts:10:3 › contact copy-to-clipboard › copies the email and shows the accessible toast (3.0s)
  ✓   44 [m390] › e2e/interactions.spec.ts:64:3 › before/after comparison slider › ArrowRight increases aria-valuenow; Home/End jump to the ends (1.0s)
  ✓   45 [m390] › e2e/interactions.spec.ts:84:3 › marquee and testimonials pause controls › marquee-toggle pauses and resumes the services strip (1.0s)
  -   47 [m390] › e2e/interactions.spec.ts:123:3 › services bento at desktop width › no card text overflows its glass panel at 1024-1440 (M8, docs/reports/review-1.md)
  -   48 [m390] › e2e/interactions.spec.ts:179:5 › blueprint section screenshots › captures trust-1440.png
  -   49 [m390] › e2e/interactions.spec.ts:179:5 › blueprint section screenshots › captures before-after-1440.png
  -   50 [m390] › e2e/interactions.spec.ts:179:5 › blueprint section screenshots › captures faq-1440.png
  ✓   46 [m390] › e2e/interactions.spec.ts:101:3 › marquee and testimonials pause controls › testimonials-toggle pauses and resumes both rows (1.1s)
  ✓   52 [m390] › e2e/motion.spec.ts:177:3 › G3 motion — the scroll story plays › the installation comes apart at once and goes back together exactly (2.4s)
  ✓   51 [m390] › e2e/motion.spec.ts:138:3 › G3 motion — the scroll story plays › anatomy scrubs through five steps and every frame differs (4.5s)
  ✓   53 [m390] › e2e/motion.spec.ts:199:3 › G3 motion — the scroll story plays › step 3 shows the arc and sparks on the fault beat, tape on the fix beat (3.2s)
  ✓   54 [m390] › e2e/motion.spec.ts:242:3 › G3 motion — the scroll story plays › progress dots jump to their step (2.9s)
  -   56 [m390] › e2e/motion.spec.ts:288:3 › G3 motion — the scroll story plays › main line energizes with scroll progress
  ✓   55 [m390] › e2e/motion.spec.ts:252:3 › G3 motion — the scroll story plays › the pinned anatomy fits one screen with nothing overlapping (2.0s)
  ✓   58 [m390] › e2e/motion.spec.ts:350:3 › G3 motion — the scroll story plays › hero words end up fully lit (3.7s)
  ✓   59 [m390] › e2e/motion.spec.ts:369:3 › G3 motion — the scroll story plays › intro reveal runs once per session and then stays hidden (2.2s)
  ✓   57 [m390] › e2e/motion.spec.ts:314:3 › G3 motion — the scroll story plays › finale lights up on enter and replays after leaving completely (9.1s)
  ✓   60 [m390] › e2e/motion.spec.ts:385:3 › G3 motion — reduced motion is a complete static experience › no pins, no loader, everything already in its final state (3.9s)
  ✓   61 [m390] › e2e/nav.spec.ts:41:5 › navigation links scroll to their section › nav-link-usluge scrolls to #usluge (1.7s)
  ✓   62 [m390] › e2e/nav.spec.ts:41:5 › navigation links scroll to their section › nav-link-anatomija scrolls to #anatomija (1.8s)
  ✓   63 [m390] › e2e/nav.spec.ts:41:5 › navigation links scroll to their section › nav-link-kako-radim scrolls to #kako-radim (2.3s)
  ✓   64 [m390] › e2e/nav.spec.ts:41:5 › navigation links scroll to their section › nav-link-pre-posle scrolls to #pre-posle (1.9s)
  ✓   65 [m390] › e2e/nav.spec.ts:41:5 › navigation links scroll to their section › nav-link-utisci scrolls to #utisci (1.9s)
  ✓   66 [m390] › e2e/nav.spec.ts:41:5 › navigation links scroll to their section › nav-link-pitanja scrolls to #pitanja (1.9s)
  ✓   67 [m390] › e2e/nav.spec.ts:49:3 › navigation links scroll to their section › hero-cta-primary scrolls to #kontakt (1.8s)
  ✓   68 [m390] › e2e/nav.spec.ts:55:3 › navigation links scroll to their section › hero-cta-secondary scrolls to #usluge (1.8s)
  ✓   69 [m390] › e2e/nav.spec.ts:67:3 › mobile menu › toggle opens/closes the panel and aria-expanded follows (944ms)
  ✓   70 [m390] › e2e/nav.spec.ts:80:3 › mobile menu › Escape closes the menu and returns focus to the toggle (966ms)
  ✓   71 [m390] › e2e/nav.spec.ts:92:3 › mobile menu › Tab cycling never moves focus outside the open menu (1.3s)
  ✓   73 [m390] › e2e/nav.spec.ts:122:1 › skip link moves focus to #sadrzaj, or at least scrolls it into view (756ms)
  ✓   72 [m390] › e2e/nav.spec.ts:113:3 › mobile menu › choosing a link closes the menu (1.3s)
  ✓   75 [m390] › e2e/smoke.spec.ts:35:3 › phase 1 smoke › renders all 12 sections in the locked order (606ms)
  ✓   74 [m390] › e2e/smoke.spec.ts:20:3 › phase 1 smoke › loads with no console errors/warnings and no horizontal overflow (1.1s)
  ✓   76 [m390] › e2e/smoke.spec.ts:47:3 › phase 1 smoke › has exactly one h1 with the required text/aria-label, and lang=sr-Latn (712ms)
  ✓   77 [m390] › e2e/smoke.spec.ts:63:3 › phase 1 smoke › skip link targets #sadrzaj (691ms)
  ✓   78 [m390] › e2e/smoke.spec.ts:70:3 › phase 1 smoke › contact email is correct and there is no phone/tel affordance (685ms)
  ✓   79 [m390] › e2e/smoke.spec.ts:80:3 › phase 1 smoke › shows exactly six service cards and six FAQ trigger/panel pairs (739ms)
  ✓   80 [m390] › e2e/smoke.spec.ts:88:3 › phase 1 smoke › trust stats, marquee, before/after slider and testimonial controls exist (785ms)
  ✓   82 [t768] › e2e/interactions.spec.ts:23:3 › FAQ accordion keyboard interaction › Enter opens and Space closes a trigger, panel visibility follows (1.4s)
  ✓   83 [t768] › e2e/interactions.spec.ts:43:3 › FAQ accordion keyboard interaction › ArrowDown/ArrowUp/Home/End move focus between triggers (1.1s)
  ✓   81 [t768] › e2e/interactions.spec.ts:10:3 › contact copy-to-clipboard › copies the email and shows the accessible toast (3.3s)
  ✓   84 [t768] › e2e/interactions.spec.ts:64:3 › before/after comparison slider › ArrowRight increases aria-valuenow; Home/End jump to the ends (1.2s)
  ✓   85 [t768] › e2e/interactions.spec.ts:84:3 › marquee and testimonials pause controls › marquee-toggle pauses and resumes the services strip (1.2s)
  -   87 [t768] › e2e/interactions.spec.ts:123:3 › services bento at desktop width › no card text overflows its glass panel at 1024-1440 (M8, docs/reports/review-1.md)
  -   88 [t768] › e2e/interactions.spec.ts:179:5 › blueprint section screenshots › captures trust-1440.png
  -   89 [t768] › e2e/interactions.spec.ts:179:5 › blueprint section screenshots › captures before-after-1440.png
  -   90 [t768] › e2e/interactions.spec.ts:179:5 › blueprint section screenshots › captures faq-1440.png
  ✓   86 [t768] › e2e/interactions.spec.ts:101:3 › marquee and testimonials pause controls › testimonials-toggle pauses and resumes both rows (1.3s)
  ✓   92 [t768] › e2e/motion.spec.ts:177:3 › G3 motion — the scroll story plays › the installation comes apart at once and goes back together exactly (2.7s)
  ✓   91 [t768] › e2e/motion.spec.ts:138:3 › G3 motion — the scroll story plays › anatomy scrubs through five steps and every frame differs (4.8s)
  ✓   93 [t768] › e2e/motion.spec.ts:199:3 › G3 motion — the scroll story plays › step 3 shows the arc and sparks on the fault beat, tape on the fix beat (3.5s)
  ✓   94 [t768] › e2e/motion.spec.ts:242:3 › G3 motion — the scroll story plays › progress dots jump to their step (3.1s)
  -   96 [t768] › e2e/motion.spec.ts:288:3 › G3 motion — the scroll story plays › main line energizes with scroll progress
  ✓   95 [t768] › e2e/motion.spec.ts:252:3 › G3 motion — the scroll story plays › the pinned anatomy fits one screen with nothing overlapping (2.2s)
  ✓   98 [t768] › e2e/motion.spec.ts:350:3 › G3 motion — the scroll story plays › hero words end up fully lit (4.0s)
  ✓   99 [t768] › e2e/motion.spec.ts:369:3 › G3 motion — the scroll story plays › intro reveal runs once per session and then stays hidden (1.8s)
  ✓   97 [t768] › e2e/motion.spec.ts:314:3 › G3 motion — the scroll story plays › finale lights up on enter and replays after leaving completely (9.3s)
  ✓  100 [t768] › e2e/motion.spec.ts:385:3 › G3 motion — reduced motion is a complete static experience › no pins, no loader, everything already in its final state (4.1s)
  ✓  101 [t768] › e2e/nav.spec.ts:41:5 › navigation links scroll to their section › nav-link-usluge scrolls to #usluge (1.9s)
  ✓  102 [t768] › e2e/nav.spec.ts:41:5 › navigation links scroll to their section › nav-link-anatomija scrolls to #anatomija (1.9s)
  ✓  103 [t768] › e2e/nav.spec.ts:41:5 › navigation links scroll to their section › nav-link-kako-radim scrolls to #kako-radim (2.5s)
  ✓  104 [t768] › e2e/nav.spec.ts:41:5 › navigation links scroll to their section › nav-link-pre-posle scrolls to #pre-posle (2.5s)
  ✓  105 [t768] › e2e/nav.spec.ts:41:5 › navigation links scroll to their section › nav-link-utisci scrolls to #utisci (2.2s)
  ✓  106 [t768] › e2e/nav.spec.ts:41:5 › navigation links scroll to their section › nav-link-pitanja scrolls to #pitanja (2.1s)
  ✓  107 [t768] › e2e/nav.spec.ts:49:3 › navigation links scroll to their section › hero-cta-primary scrolls to #kontakt (2.0s)
  ✓  108 [t768] › e2e/nav.spec.ts:55:3 › navigation links scroll to their section › hero-cta-secondary scrolls to #usluge (1.9s)
  ✓  109 [t768] › e2e/nav.spec.ts:67:3 › mobile menu › toggle opens/closes the panel and aria-expanded follows (1.1s)
  ✓  110 [t768] › e2e/nav.spec.ts:80:3 › mobile menu › Escape closes the menu and returns focus to the toggle (1.1s)
  ✓  111 [t768] › e2e/nav.spec.ts:92:3 › mobile menu › Tab cycling never moves focus outside the open menu (1.6s)
  ✓  112 [t768] › e2e/nav.spec.ts:113:3 › mobile menu › choosing a link closes the menu (1.5s)
  ✓  113 [t768] › e2e/nav.spec.ts:122:1 › skip link moves focus to #sadrzaj, or at least scrolls it into view (986ms)
  ✓  115 [t768] › e2e/smoke.spec.ts:35:3 › phase 1 smoke › renders all 12 sections in the locked order (698ms)
  ✓  114 [t768] › e2e/smoke.spec.ts:20:3 › phase 1 smoke › loads with no console errors/warnings and no horizontal overflow (1.3s)
  ✓  116 [t768] › e2e/smoke.spec.ts:47:3 › phase 1 smoke › has exactly one h1 with the required text/aria-label, and lang=sr-Latn (779ms)
  ✓  117 [t768] › e2e/smoke.spec.ts:63:3 › phase 1 smoke › skip link targets #sadrzaj (717ms)
  ✓  118 [t768] › e2e/smoke.spec.ts:70:3 › phase 1 smoke › contact email is correct and there is no phone/tel affordance (789ms)
  ✓  119 [t768] › e2e/smoke.spec.ts:80:3 › phase 1 smoke › shows exactly six service cards and six FAQ trigger/panel pairs (723ms)
  ✓  120 [t768] › e2e/smoke.spec.ts:88:3 › phase 1 smoke › trust stats, marquee, before/after slider and testimonial controls exist (783ms)
  ✓  122 [d1440] › e2e/interactions.spec.ts:23:3 › FAQ accordion keyboard interaction › Enter opens and Space closes a trigger, panel visibility follows (2.1s)
  ✓  121 [d1440] › e2e/interactions.spec.ts:10:3 › contact copy-to-clipboard › copies the email and shows the accessible toast (3.6s)
  ✓  123 [d1440] › e2e/interactions.spec.ts:43:3 › FAQ accordion keyboard interaction › ArrowDown/ArrowUp/Home/End move focus between triggers (1.7s)
  ✓  124 [d1440] › e2e/interactions.spec.ts:64:3 › before/after comparison slider › ArrowRight increases aria-valuenow; Home/End jump to the ends (2.1s)
  ✓  125 [d1440] › e2e/interactions.spec.ts:84:3 › marquee and testimonials pause controls › marquee-toggle pauses and resumes the services strip (1.9s)
  ✓  126 [d1440] › e2e/interactions.spec.ts:101:3 › marquee and testimonials pause controls › testimonials-toggle pauses and resumes both rows (2.0s)
  ✓  127 [d1440] › e2e/interactions.spec.ts:123:3 › services bento at desktop width › no card text overflows its glass panel at 1024-1440 (M8, docs/reports/review-1.md) (3.8s)
  ✓  128 [d1440] › e2e/interactions.spec.ts:179:5 › blueprint section screenshots › captures trust-1440.png (3.6s)
  ✓  129 [d1440] › e2e/interactions.spec.ts:179:5 › blueprint section screenshots › captures before-after-1440.png (3.8s)
  ✓  130 [d1440] › e2e/interactions.spec.ts:179:5 › blueprint section screenshots › captures faq-1440.png (3.4s)
  ✓  132 [d1440] › e2e/motion.spec.ts:177:3 › G3 motion — the scroll story plays › the installation comes apart at once and goes back together exactly (3.6s)
  ✓  131 [d1440] › e2e/motion.spec.ts:138:3 › G3 motion — the scroll story plays › anatomy scrubs through five steps and every frame differs (7.2s)
  ✓  133 [d1440] › e2e/motion.spec.ts:199:3 › G3 motion — the scroll story plays › step 3 shows the arc and sparks on the fault beat, tape on the fix beat (4.8s)
  -  135 [d1440] › e2e/motion.spec.ts:252:3 › G3 motion — the scroll story plays › the pinned anatomy fits one screen with nothing overlapping
  ✓  134 [d1440] › e2e/motion.spec.ts:242:3 › G3 motion — the scroll story plays › progress dots jump to their step (4.5s)
  ✓  136 [d1440] › e2e/motion.spec.ts:288:3 › G3 motion — the scroll story plays › main line energizes with scroll progress (4.2s)
  ✓  138 [d1440] › e2e/motion.spec.ts:350:3 › G3 motion — the scroll story plays › hero words end up fully lit (4.7s)
  ✓  139 [d1440] › e2e/motion.spec.ts:369:3 › G3 motion — the scroll story plays › intro reveal runs once per session and then stays hidden (2.5s)
  ✓  137 [d1440] › e2e/motion.spec.ts:314:3 › G3 motion — the scroll story plays › finale lights up on enter and replays after leaving completely (10.1s)
  ✓  141 [d1440] › e2e/nav.spec.ts:41:5 › navigation links scroll to their section › nav-link-usluge scrolls to #usluge (1.6s)
  ✓  142 [d1440] › e2e/nav.spec.ts:41:5 › navigation links scroll to their section › nav-link-anatomija scrolls to #anatomija (1.3s)
  ✓  143 [d1440] › e2e/nav.spec.ts:41:5 › navigation links scroll to their section › nav-link-kako-radim scrolls to #kako-radim (1.8s)
  ✓  140 [d1440] › e2e/motion.spec.ts:385:3 › G3 motion — reduced motion is a complete static experience › no pins, no loader, everything already in its final state (5.6s)
  ✓  145 [d1440] › e2e/nav.spec.ts:41:5 › navigation links scroll to their section › nav-link-utisci scrolls to #utisci (2.0s)
  ✓  144 [d1440] › e2e/nav.spec.ts:41:5 › navigation links scroll to their section › nav-link-pre-posle scrolls to #pre-posle (2.0s)
  ✓  147 [d1440] › e2e/nav.spec.ts:49:3 › navigation links scroll to their section › hero-cta-primary scrolls to #kontakt (2.0s)
  ✓  146 [d1440] › e2e/nav.spec.ts:41:5 › navigation links scroll to their section › nav-link-pitanja scrolls to #pitanja (2.0s)
  -  149 [d1440] › e2e/nav.spec.ts:67:3 › mobile menu › toggle opens/closes the panel and aria-expanded follows
  -  150 [d1440] › e2e/nav.spec.ts:80:3 › mobile menu › Escape closes the menu and returns focus to the toggle
  -  151 [d1440] › e2e/nav.spec.ts:92:3 › mobile menu › Tab cycling never moves focus outside the open menu
  -  152 [d1440] › e2e/nav.spec.ts:113:3 › mobile menu › choosing a link closes the menu
  ✓  148 [d1440] › e2e/nav.spec.ts:55:3 › navigation links scroll to their section › hero-cta-secondary scrolls to #usluge (1.6s)
  ✓  153 [d1440] › e2e/nav.spec.ts:122:1 › skip link moves focus to #sadrzaj, or at least scrolls it into view (1.4s)
  ✓  155 [d1440] › e2e/smoke.spec.ts:35:3 › phase 1 smoke › renders all 12 sections in the locked order (844ms)
  ✓  154 [d1440] › e2e/smoke.spec.ts:20:3 › phase 1 smoke › loads with no console errors/warnings and no horizontal overflow (1.6s)
  ✓  156 [d1440] › e2e/smoke.spec.ts:47:3 › phase 1 smoke › has exactly one h1 with the required text/aria-label, and lang=sr-Latn (979ms)
  ✓  157 [d1440] › e2e/smoke.spec.ts:63:3 › phase 1 smoke › skip link targets #sadrzaj (884ms)
  ✓  158 [d1440] › e2e/smoke.spec.ts:70:3 › phase 1 smoke › contact email is correct and there is no phone/tel affordance (956ms)
  ✓  159 [d1440] › e2e/smoke.spec.ts:80:3 › phase 1 smoke › shows exactly six service cards and six FAQ trigger/panel pairs (949ms)
  ✓  160 [d1440] › e2e/smoke.spec.ts:88:3 › phase 1 smoke › trust stats, marquee, before/after slider and testimonial controls exist (881ms)

  20 skipped
  140 passed (2.7m)
